Mono path[0] = '/home/corby/ULTRAKILL/game/ULTRAKILL_Data/Managed'
Mono config path = '/home/corby/ULTRAKILL/game/ULTRAKILL_Data/MonoBleedingEdge/etc'
Display 0 '0': 1366x768 (primary device).
[Physics::Module] Initialized MultithreadedJobDispatcher with 3 workers.
Desktop is 1366 x 768 @ 60 Hz
Initialize engine version: 2022.3.29f1 (8d510ca76d2b)
[Subsystems] Discovering subsystems at path /home/corby/ULTRAKILL/game/ULTRAKILL_Data/UnitySubsystems
GfxDevice: creating device client; threaded=1; jobified=0
Renderer: Mesa Intel(R) HD Graphics 5500 (BDW GT2)
Vendor:   Intel
Version:  4.6 (Core Profile) Mesa 25.2.3-arch1.2
GLES:     0
 GL_3DFX_texture_compression_FXT1 GL_AMD_conservative_depth GL_AMD_draw_buffers_blend GL_AMD_gpu_shader_int64 GL_AMD_multi_draw_indirect GL_AMD_performance_monitor GL_AMD_pinned_memory GL_AMD_query_buffer_object GL_AMD_seamless_cubemap_per_texture GL_AMD_shader_trinary_minmax GL_AMD_texture_texture4 GL_AMD_vertex_shader_layer GL_AMD_vertex_shader_viewport_index GL_ANGLE_texture_compression_dxt3 GL_ANGLE_texture_compression_dxt5 GL_ARB_ES2_compatibility GL_ARB_ES3_1_compatibility GL_ARB_ES3_2_compatibility GL_ARB_ES3_compatibility GL_ARB_arrays_of_arrays GL_ARB_base_instance GL_ARB_blend_func_extended GL_ARB_buffer_storage GL_ARB_clear_buffer_object GL_ARB_clear_texture GL_ARB_clip_control GL_ARB_compressed_texture_pixel_storage GL_ARB_compute_shader GL_ARB_compute_variable_group_size GL_ARB_conditional_render_inverted GL_ARB_conservative_depth GL_ARB_copy_buffer GL_ARB_copy_image GL_ARB_cull_distance GL_ARB_debug_output GL_ARB_depth_buffer_float GL_ARB_depth_clamp GL_ARB_derivative_control GL_ARB_direct_stat
e_access GL_ARB_draw_buffers GL_ARB_draw_buffers_blend GL_ARB_draw_elements_base_vertex GL_ARB_draw_indirect GL_ARB_draw_instanced GL_ARB_enhanced_layouts GL_ARB_explicit_attrib_location GL_ARB_explicit_uniform_location GL_ARB_fragment_coord_conventions GL_ARB_fragment_layer_viewport GL_ARB_fragment_shader GL_ARB_framebuffer_no_attachments GL_ARB_framebuffer_object GL_ARB_framebuffer_sRGB GL_ARB_get_program_binary GL_ARB_get_texture_sub_image GL_ARB_gl_spirv GL_ARB_gpu_shader5 GL_ARB_gpu_shader_fp64 GL_ARB_gpu_shader_int64 GL_ARB_half_float_pixel GL_ARB_half_float_vertex GL_ARB_indirect_parameters GL_ARB_instanced_arrays GL_ARB_internalformat_query GL_ARB_internalformat_query2 GL_ARB_invalidate_subdata GL_ARB_map_buffer_alignment GL_ARB_map_buffer_range GL_ARB_multi_bind GL_ARB_multi_draw_indirect GL_ARB_occlusion_query2 GL_ARB_parallel_shader_compile GL_ARB_pipeline_statistics_query GL_ARB_pixel_buffer_object GL_ARB_point_sprite GL_ARB_polygon_offset_clamp GL_ARB_program_interface_query GL_ARB_provoking_ver
tex GL_ARB_query_buffer_object GL_ARB_robust_buffer_access_behavior GL_ARB_robustness GL_ARB_sample_shading GL_ARB_sampler_objects GL_ARB_seamless_cube_map GL_ARB_seamless_cubemap_per_texture GL_ARB_separate_shader_objects GL_ARB_shader_atomic_counter_ops GL_ARB_shader_atomic_counters GL_ARB_shader_ballot GL_ARB_shader_bit_encoding GL_ARB_shader_clock GL_ARB_shader_draw_parameters GL_ARB_shader_group_vote GL_ARB_shader_image_load_store GL_ARB_shader_image_size GL_ARB_shader_objects GL_ARB_shader_precision GL_ARB_shader_storage_buffer_object GL_ARB_shader_subroutine GL_ARB_shader_texture_image_samples GL_ARB_shader_texture_lod GL_ARB_shader_viewport_layer_array GL_ARB_shading_language_420pack GL_ARB_shading_language_include GL_ARB_shading_language_packing GL_ARB_spirv_extensions GL_ARB_stencil_texturing GL_ARB_sync GL_ARB_tessellation_shader GL_ARB_texture_barrier GL_ARB_texture_border_clamp GL_ARB_texture_buffer_object GL_ARB_texture_buffer_object_rgb32 GL_ARB_texture_buffer_range GL_ARB_texture_compression_
bptc GL_ARB_texture_compression_rgtc GL_ARB_texture_cube_map_array GL_ARB_texture_filter_anisotropic GL_ARB_texture_float GL_ARB_texture_gather GL_ARB_texture_mirror_clamp_to_edge GL_ARB_texture_multisample GL_ARB_texture_non_power_of_two GL_ARB_texture_query_levels GL_ARB_texture_query_lod GL_ARB_texture_rectangle GL_ARB_texture_rg GL_ARB_texture_rgb10_a2ui GL_ARB_texture_stencil8 GL_ARB_texture_storage GL_ARB_texture_storage_multisample GL_ARB_texture_swizzle GL_ARB_texture_view GL_ARB_timer_query GL_ARB_transform_feedback2 GL_ARB_transform_feedback3 GL_ARB_transform_feedback_instanced GL_ARB_transform_feedback_overflow_query GL_ARB_uniform_buffer_object GL_ARB_vertex_array_bgra GL_ARB_vertex_array_object GL_ARB_vertex_attrib_64bit GL_ARB_vertex_attrib_binding GL_ARB_vertex_buffer_object GL_ARB_vertex_shader GL_ARB_vertex_type_10f_11f_11f_rev GL_ARB_vertex_type_2_10_10_10_rev GL_ARB_viewport_array GL_ATI_blend_equation_separate GL_ATI_texture_float GL_EXT_EGL_image_storage GL_EXT_EGL_image_storage_compress
ion GL_EXT_EGL_sync GL_EXT_abgr GL_EXT_blend_equation_separate GL_EXT_debug_label GL_EXT_demote_to_helper_invocation GL_EXT_draw_buffers2 GL_EXT_draw_instanced GL_EXT_framebuffer_blit GL_EXT_framebuffer_multisample GL_EXT_framebuffer_multisample_blit_scaled GL_EXT_framebuffer_object GL_EXT_framebuffer_sRGB GL_EXT_memory_object GL_EXT_memory_object_fd GL_EXT_packed_depth_stencil GL_EXT_packed_float GL_EXT_pixel_buffer_object GL_EXT_polygon_offset_clamp GL_EXT_provoking_vertex GL_EXT_semaphore GL_EXT_semaphore_fd GL_EXT_shader_clock GL_EXT_shader_framebuffer_fetch_non_coherent GL_EXT_shader_integer_mix GL_EXT_shader_samples_identical GL_EXT_texture_array GL_EXT_texture_compression_dxt1 GL_EXT_texture_compression_rgtc GL_EXT_texture_compression_s3tc GL_EXT_texture_filter_anisotropic GL_EXT_texture_integer GL_EXT_texture_sRGB GL_EXT_texture_sRGB_R8 GL_EXT_texture_sRGB_decode GL_EXT_texture_shadow_lod GL_EXT_texture_shared_exponent GL_EXT_texture_snorm GL_EXT_texture_storage GL_EXT_texture_swizzle GL_EXT_timer_qu
ery GL_EXT_transform_feedback GL_EXT_vertex_array_bgra GL_EXT_vertex_attrib_64bit GL_IBM_multimode_draw_arrays GL_INTEL_blackhole_render GL_INTEL_performance_query GL_INTEL_shader_integer_functions2 GL_KHR_blend_equation_advanced GL_KHR_context_flush_control GL_KHR_debug GL_KHR_no_error GL_KHR_parallel_shader_compile GL_KHR_robust_buffer_access_behavior GL_KHR_robustness GL_KHR_texture_compression_astc_ldr GL_KHR_texture_compression_astc_sliced_3d GL_MESA_framebuffer_flip_y GL_MESA_pack_invert GL_MESA_shader_integer_functions GL_MESA_texture_const_bandwidth GL_MESA_texture_signed_rgba GL_NV_alpha_to_coverage_dither_control GL_NV_compute_shader_derivatives GL_NV_conditional_render GL_NV_copy_image GL_NV_depth_clamp GL_NV_packed_depth_stencil GL_NV_texture_barrier GL_OES_EGL_image GL_S3_s3tc
OPENGL LOG: Creating OpenGL 4.6 graphics device ; Context level  <OpenGL 4.5> ; Context handle 626088848
Begin MonoManager ReloadAssembly
- Loaded All Assemblies, in  0.197 seconds
- Finished resetting the current domain, in  0.005 seconds
Default vsync count 0
requesting resize 1366 x 768
Using native desktop resolution 1366 x 768
requesting fullscreen 1366 x 768 at 0/1 Hz
Desktop is 1366 x 768 @ 60 Hz
UnloadTime: 1.238198 ms
No InputProcessor with name 'ScaleVector2DeltaTime' (mentioned in 'StickDeadzone,ScaleVector2DeltaTime,ScaleVector2(x=50,y=50)') has been registered
/home/corby/ULTRAKILL/game/ULTRAKILL_Data/StreamingAssets/aa
Disabling all non-error console messages!
Unloading 4 Unused Serialized files (Serialized files now loaded: 26)
UnloadTime: 7.644283 ms
requesting resize 1366 x 768
Using native desktop resolution 1366 x 768
requesting fullscreen 1366 x 768 at 0/1 Hz
Desktop is 1366 x 768 @ 60 Hz
Unloading 125 unused Assets to reduce memory usage. Loaded Objects now: 3899.
Total: 18.868435 ms (FindLiveObjects: 0.376761 ms CreateObjectMapping: 0.238090 ms MarkObjects: 17.815996 ms  DeleteObjects: 0.436878 ms)

Couldn't create a Convex Mesh from source mesh "Melon" within the maximum polygons limit (256). The partial hull will be used. Consider simplifying your mesh.
The referenced script on this Behaviour (Game Object 'Virtual Camera') is missing!
The referenced script on this Behaviour (Game Object 'Main Camera') is missing!
The referenced script on this Behaviour (Game Object 'HUD Camera') is missing!
The referenced script on this Behaviour (Game Object 'Main Camera') is missing!
Unloading 3 Unused Serialized files (Serialized files now loaded: 28)
UnloadTime: 8.887579 ms
Fallback handler could not load library /home/corby/ULTRAKILL/game/ULTRAKILL_Data/MonoBleedingEdge/x86_64/discord_game_sdk
Fallback handler could not load library /home/corby/ULTRAKILL/game/ULTRAKILL_Data/MonoBleedingEdge/x86_64/libdiscord_game_sdk.so
Fallback handler could not load library /home/corby/ULTRAKILL/game/ULTRAKILL_Data/MonoBleedingEdge/x86_64/libdiscord_game_sdk.so
Fallback handler could not load library /home/corby/ULTRAKILL/game/ULTRAKILL_Data/MonoBleedingEdge/x86_64/discord_game_sdk
Fallback handler could not load library /home/corby/ULTRAKILL/game/ULTRAKILL_Data/MonoBleedingEdge/x86_64/libdiscord_game_sdk
Fallback handler could not load library /home/corby/ULTRAKILL/game/ULTRAKILL_Data/MonoBleedingEdge/x86_64/libdiscord_game_sdk.so
Fallback handler could not load library /home/corby/ULTRAKILL/game/ULTRAKILL_Data/MonoBleedingEdge/x86_64/libdiscord_game_sdk.so
Fallback handler could not load library /home/corby/ULTRAKILL/game/ULTRAKILL_Data/MonoBleedingEdge/x86_64/libdiscord_game_sdk
Fallback handler could not load library /home/corby/ULTRAKILL/game/ULTRAKILL_Data/MonoBleedingEdge/x86_64/discord_game_sdk
Fallback handler could not load library /home/corby/ULTRAKILL/game/ULTRAKILL_Data/MonoBleedingEdge/x86_64/libdiscord_game_sdk.so
Fallback handler could not load library /home/corby/ULTRAKILL/game/ULTRAKILL_Data/MonoBleedingEdge/x86_64/libdiscord_game_sdk.so
Fallback handler could not load library /home/corby/ULTRAKILL/game/ULTRAKILL_Data/MonoBleedingEdge/x86_64/discord_game_sdk
Fallback handler could not load library /home/corby/ULTRAKILL/game/ULTRAKILL_Data/MonoBleedingEdge/x86_64/libdiscord_game_sdk
Fallback handler could not load library /home/corby/ULTRAKILL/game/ULTRAKILL_Data/MonoBleedingEdge/x86_64/libdiscord_game_sdk.so
Fallback handler could not load library /home/corby/ULTRAKILL/game/ULTRAKILL_Data/MonoBleedingEdge/x86_64/libdiscord_game_sdk.so
Fallback handler could not load library /home/corby/ULTRAKILL/game/ULTRAKILL_Data/MonoBleedingEdge/x86_64/libdiscord_game_sdk
Fallback handler could not load library /home/corby/ULTRAKILL/game/ULTRAKILL_Data/MonoBleedingEdge/x86_64/steam_api64
Fallback handler could not load library /home/corby/ULTRAKILL/game/ULTRAKILL_Data/MonoBleedingEdge/x86_64/libsteam_api64.so
Fallback handler could not load library /home/corby/ULTRAKILL/game/ULTRAKILL_Data/MonoBleedingEdge/x86_64/libsteam_api64.so
Fallback handler could not load library /home/corby/ULTRAKILL/game/ULTRAKILL_Data/MonoBleedingEdge/x86_64/steam_api64
Fallback handler could not load library /home/corby/ULTRAKILL/game/ULTRAKILL_Data/MonoBleedingEdge/x86_64/libsteam_api64
Fallback handler could not load library /home/corby/ULTRAKILL/game/ULTRAKILL_Data/MonoBleedingEdge/x86_64/libsteam_api64.so
Fallback handler could not load library /home/corby/ULTRAKILL/game/ULTRAKILL_Data/MonoBleedingEdge/x86_64/libsteam_api64.so
Fallback handler could not load library /home/corby/ULTRAKILL/game/ULTRAKILL_Data/MonoBleedingEdge/x86_64/libsteam_api64
Fallback handler could not load library /home/corby/ULTRAKILL/game/ULTRAKILL_Data/MonoBleedingEdge/x86_64/steam_api64
Fallback handler could not load library /home/corby/ULTRAKILL/game/ULTRAKILL_Data/MonoBleedingEdge/x86_64/libsteam_api64.so
Fallback handler could not load library /home/corby/ULTRAKILL/game/ULTRAKILL_Data/MonoBleedingEdge/x86_64/libsteam_api64.so
Fallback handler could not load library /home/corby/ULTRAKILL/game/ULTRAKILL_Data/MonoBleedingEdge/x86_64/steam_api64
Fallback handler could not load library /home/corby/ULTRAKILL/game/ULTRAKILL_Data/MonoBleedingEdge/x86_64/libsteam_api64
Fallback handler could not load library /home/corby/ULTRAKILL/game/ULTRAKILL_Data/MonoBleedingEdge/x86_64/libsteam_api64.so
Fallback handler could not load library /home/corby/ULTRAKILL/game/ULTRAKILL_Data/MonoBleedingEdge/x86_64/libsteam_api64.so
Fallback handler could not load library /home/corby/ULTRAKILL/game/ULTRAKILL_Data/MonoBleedingEdge/x86_64/libsteam_api64
Unloading 4820 unused Assets to reduce memory usage. Loaded Objects now: 72747.
Total: 106.575117 ms (FindLiveObjects: 9.516533 ms CreateObjectMapping: 6.855765 ms MarkObjects: 87.088301 ms  DeleteObjects: 3.113474 ms)

GI: material 'Standard' does not have Meta pass, and could not find default material. Object 'Cube(Clone) (1)' will not be affecting GI.
GI: material 'Standard' does not have Meta pass, and could not find default material. Object 'Cube(Clone) (1)' will not be affecting GI.
GI: material 'Standard' does not have Meta pass, and could not find default material. Object 'Cube(Clone) (1)' will not be affecting GI.
GI: material 'Standard' does not have Meta pass, and could not find default material. Object 'Cube(Clone) (1)' will not be affecting GI.
GI: material 'Standard' does not have Meta pass, and could not find default material. Object 'Cube(Clone) (2)' will not be affecting GI.
GI: material 'Standard' does not have Meta pass, and could not find default material. Object 'Cube(Clone) (2)' will not be affecting GI.
GI: material 'Standard' does not have Meta pass, and could not find default material. Object 'Cube(Clone) (2)' will not be affecting GI.
GI: material 'Standard' does not have Meta pass, and could not find default material. Object 'Cube(Clone) (2)' will not be affecting GI.
GI: material 'Standard' does not have Meta pass, and could not find default material. Object 'Cube' will not be affecting GI.
GI: material 'Standard' does not have Meta pass, and could not find default material. Object 'Cube' will not be affecting GI.
GI: material 'Standard' does not have Meta pass, and could not find default material. Object 'Cube' will not be affecting GI.
GI: material 'Standard' does not have Meta pass, and could not find default material. Object 'Cube' will not be affecting GI.
GI: material 'Standard' does not have Meta pass, and could not find default material. Object 'Cube(Clone)' will not be affecting GI.
GI: material 'Standard' does not have Meta pass, and could not find default material. Object 'Cube(Clone)' will not be affecting GI.
GI: material 'Standard' does not have Meta pass, and could not find default material. Object 'Cube(Clone)' will not be affecting GI.
GI: material 'Standard' does not have Meta pass, and could not find default material. Object 'Cube(Clone)' will not be affecting GI.
Unloading 3 Unused Serialized files (Serialized files now loaded: 27)
UnloadTime: 177.973065 ms
Unloading 1613 unused Assets to reduce memory usage. Loaded Objects now: 114688.
Total: 137.018401 ms (FindLiveObjects: 15.739030 ms CreateObjectMapping: 6.959562 ms MarkObjects: 112.111228 ms  DeleteObjects: 2.207741 ms)

BoxCollider does not support negative scale or size.
The effective box size has been forced positive and is likely to give unexpected collision geometry.
If you absolutely need to use negative scaling you can use the convex MeshCollider. Scene hierarchy path "FirstRoom/Room/FinalDoor/DoorRight"
BoxCollider does not support negative scale or size.
The effective box size has been forced positive and is likely to give unexpected collision geometry.
If you absolutely need to use negative scaling you can use the convex MeshCollider. Scene hierarchy path "7 - Boss Arena/7 Stuff/FinalRoom/FinalDoor/DoorRight"
Physics.ClosestPoint can only be used with a BoxCollider, SphereCollider, CapsuleCollider and a convex MeshCollider.
Physics.ClosestPoint can only be used with a BoxCollider, SphereCollider, CapsuleCollider and a convex MeshCollider.
Physics.ClosestPoint can only be used with a BoxCollider, SphereCollider, CapsuleCollider and a convex MeshCollider.
Physics.ClosestPoint can only be used with a BoxCollider, SphereCollider, CapsuleCollider and a convex MeshCollider.
Setting linear velocity of a kinematic body is not supported.
BoxCollider does not support negative scale or size.
The effective box size has been forced positive and is likely to give unexpected collision geometry.
If you absolutely need to use negative scaling you can use the convex MeshCollider. Scene hierarchy path "7 - Boss Arena/7 Stuff(Clone)/FinalRoom/FinalDoor/DoorRight"
Setting linear velocity of a kinematic body is not supported.
Physics.ClosestPoint can only be used with a BoxCollider, SphereCollider, CapsuleCollider and a convex MeshCollider.
Physics.ClosestPoint can only be used with a BoxCollider, SphereCollider, CapsuleCollider and a convex MeshCollider.
Setting linear velocity of a kinematic body is not supported.
Physics.ClosestPoint can only be used with a BoxCollider, SphereCollider, CapsuleCollider and a convex MeshCollider.
Physics.ClosestPoint can only be used with a BoxCollider, SphereCollider, CapsuleCollider and a convex MeshCollider.
BoxCollider does not support negative scale or size.
The effective box size has been forced positive and is likely to give unexpected collision geometry.
If you absolutely need to use negative scaling you can use the convex MeshCollider. Scene hierarchy path "7 - Boss Arena/7 Stuff(Clone)/FinalRoom/FinalDoor/DoorRight"
Unloading 1 Unused Serialized files (Serialized files now loaded: 25)
UnloadTime: 176.841423 ms
BoxCollider does not support negative scale or size.
The effective box size has been forced positive and is likely to give unexpected collision geometry.
If you absolutely need to use negative scaling you can use the convex MeshCollider. Scene hierarchy path "FirstRoom/Room/FinalDoor/DoorRight"
Unloading 9869 unused Assets to reduce memory usage. Loaded Objects now: 132242.
Total: 242.920902 ms (FindLiveObjects: 21.823992 ms CreateObjectMapping: 9.943001 ms MarkObjects: 134.098979 ms  DeleteObjects: 77.054094 ms)

BoxCollider does not support negative scale or size.
The effective box size has been forced positive and is likely to give unexpected collision geometry.
If you absolutely need to use negative scaling you can use the convex MeshCollider. Scene hierarchy path "7 - Boss Arena/7 Stuff/FinalRoom/FinalDoor/DoorRight"
Physics.ClosestPoint can only be used with a BoxCollider, SphereCollider, CapsuleCollider and a convex MeshCollider.
Physics.ClosestPoint can only be used with a BoxCollider, SphereCollider, CapsuleCollider and a convex MeshCollider.
Physics.ClosestPoint can only be used with a BoxCollider, SphereCollider, CapsuleCollider and a convex MeshCollider.
Physics.ClosestPoint can only be used with a BoxCollider, SphereCollider, CapsuleCollider and a convex MeshCollider.
Setting linear velocity of a kinematic body is not supported.
Physics.ClosestPoint can only be used with a BoxCollider, SphereCollider, CapsuleCollider and a convex MeshCollider.
Physics.ClosestPoint can only be used with a BoxCollider, SphereCollider, CapsuleCollider and a convex MeshCollider.
BoxCollider does not support negative scale or size.
The effective box size has been forced positive and is likely to give unexpected collision geometry.
If you absolutely need to use negative scaling you can use the convex MeshCollider. Scene hierarchy path "7 - Boss Arena/7 Stuff(Clone)/FinalRoom/FinalDoor/DoorRight"
Setting linear velocity of a kinematic body is not supported.
Setting linear velocity of a kinematic body is not supported.
Physics.ClosestPoint can only be used with a BoxCollider, SphereCollider, CapsuleCollider and a convex MeshCollider.
Physics.ClosestPoint can only be used with a BoxCollider, SphereCollider, CapsuleCollider and a convex MeshCollider.
BoxCollider does not support negative scale or size.
The effective box size has been forced positive and is likely to give unexpected collision geometry.
If you absolutely need to use negative scaling you can use the convex MeshCollider. Scene hierarchy path "7 - Boss Arena/7 Stuff(Clone)(Clone)/FinalRoom/FinalDoor/DoorRight"
Setting linear velocity of a kinematic body is not supported.
Setting linear velocity of a kinematic body is not supported.
Physics.ClosestPoint can only be used with a BoxCollider, SphereCollider, CapsuleCollider and a convex MeshCollider.
BoxCollider does not support negative scale or size.
The effective box size has been forced positive and is likely to give unexpected collision geometry.
If you absolutely need to use negative scaling you can use the convex MeshCollider. Scene hierarchy path "7 - Boss Arena/7 Stuff(Clone)(Clone)(Clone)/FinalRoom/FinalDoor/DoorRight"
Setting linear velocity of a kinematic body is not supported.
Physics.ClosestPoint can only be used with a BoxCollider, SphereCollider, CapsuleCollider and a convex MeshCollider.
Physics.ClosestPoint can only be used with a BoxCollider, SphereCollider, CapsuleCollider and a convex MeshCollider.
Physics.ClosestPoint can only be used with a BoxCollider, SphereCollider, CapsuleCollider and a convex MeshCollider.
Physics.ClosestPoint can only be used with a BoxCollider, SphereCollider, CapsuleCollider and a convex MeshCollider.
Physics.ClosestPoint can only be used with a BoxCollider, SphereCollider, CapsuleCollider and a convex MeshCollider.
Physics.ClosestPoint can only be used with a BoxCollider, SphereCollider, CapsuleCollider and a convex MeshCollider.
Setting linear velocity of a kinematic body is not supported.
BoxCollider does not support negative scale or size.
The effective box size has been forced positive and is likely to give unexpected collision geometry.
If you absolutely need to use negative scaling you can use the convex MeshCollider. Scene hierarchy path "7 - Boss Arena/7 Stuff(Clone)(Clone)(Clone)/FinalRoom/FinalDoor/DoorRight"
Unloading 1 Unused Serialized files (Serialized files now loaded: 25)
UnloadTime: 199.927394 ms
BoxCollider does not support negative scale or size.
The effective box size has been forced positive and is likely to give unexpected collision geometry.
If you absolutely need to use negative scaling you can use the convex MeshCollider. Scene hierarchy path "FirstRoom/Room/FinalDoor/DoorRight"
Unloading 7304 unused Assets to reduce memory usage. Loaded Objects now: 131677.
Total: 236.865682 ms (FindLiveObjects: 18.434009 ms CreateObjectMapping: 11.852589 ms MarkObjects: 181.080965 ms  DeleteObjects: 25.497211 ms)

BoxCollider does not support negative scale or size.
The effective box size has been forced positive and is likely to give unexpected collision geometry.
If you absolutely need to use negative scaling you can use the convex MeshCollider. Scene hierarchy path "7 - Boss Arena/7 Stuff/FinalRoom/FinalDoor/DoorRight"
Setting linear velocity of a kinematic body is not supported.
BoxCollider does not support negative scale or size.
The effective box size has been forced positive and is likely to give unexpected collision geometry.
If you absolutely need to use negative scaling you can use the convex MeshCollider. Scene hierarchy path "7 - Boss Arena/7 Stuff(Clone)/FinalRoom/FinalDoor/DoorRight"
Setting linear velocity of a kinematic body is not supported.
Setting linear velocity of a kinematic body is not supported.
Physics.ClosestPoint can only be used with a BoxCollider, SphereCollider, CapsuleCollider and a convex MeshCollider.
Physics.ClosestPoint can only be used with a BoxCollider, SphereCollider, CapsuleCollider and a convex MeshCollider.
BoxCollider does not support negative scale or size.
The effective box size has been forced positive and is likely to give unexpected collision geometry.
If you absolutely need to use negative scaling you can use the convex MeshCollider. Scene hierarchy path "7 - Boss Arena/7 Stuff(Clone)(Clone)/FinalRoom/FinalDoor/DoorRight"
Setting linear velocity of a kinematic body is not supported.
Setting linear velocity of a kinematic body is not supported.
BoxCollider does not support negative scale or size.
The effective box size has been forced positive and is likely to give unexpected collision geometry.
If you absolutely need to use negative scaling you can use the convex MeshCollider. Scene hierarchy path "7 - Boss Arena/7 Stuff(Clone)(Clone)(Clone)/FinalRoom/FinalDoor/DoorRight"
Setting linear velocity of a kinematic body is not supported.
Setting linear velocity of a kinematic body is not supported.
Setting linear velocity of a kinematic body is not supported.
Physics.ClosestPoint can only be used with a BoxCollider, SphereCollider, CapsuleCollider and a convex MeshCollider.
BoxCollider does not support negative scale or size.
The effective box size has been forced positive and is likely to give unexpected collision geometry.
If you absolutely need to use negative scaling you can use the convex MeshCollider. Scene hierarchy path "7 - Boss Arena/7 Stuff(Clone)(Clone)(Clone)(Clone)/FinalRoom/FinalDoor/DoorRight"
BoxCollider does not support negative scale or size.
The effective box size has been forced positive and is likely to give unexpected collision geometry.
If you absolutely need to use negative scaling you can use the convex MeshCollider. Scene hierarchy path "7 - Boss Arena/7 Stuff(Clone)(Clone)(Clone)(Clone)(Clone)/FinalRoom/FinalDoor/DoorRight"
Physics.ClosestPoint can only be used with a BoxCollider, SphereCollider, CapsuleCollider and a convex MeshCollider.
Physics.ClosestPoint can only be used with a BoxCollider, SphereCollider, CapsuleCollider and a convex MeshCollider.
Setting linear velocity of a kinematic body is not supported.
Physics.ClosestPoint can only be used with a BoxCollider, SphereCollider, CapsuleCollider and a convex MeshCollider.
Physics.ClosestPoint can only be used with a BoxCollider, SphereCollider, CapsuleCollider and a convex MeshCollider.
BoxCollider does not support negative scale or size.
The effective box size has been forced positive and is likely to give unexpected collision geometry.
If you absolutely need to use negative scaling you can use the convex MeshCollider. Scene hierarchy path "7 - Boss Arena/7 Stuff(Clone)(Clone)(Clone)(Clone)(Clone)/FinalRoom/FinalDoor/DoorRight"
Unloading 1 Unused Serialized files (Serialized files now loaded: 25)
UnloadTime: 167.740071 ms
BoxCollider does not support negative scale or size.
The effective box size has been forced positive and is likely to give unexpected collision geometry.
If you absolutely need to use negative scaling you can use the convex MeshCollider. Scene hierarchy path "FirstRoom/Room/FinalDoor/DoorRight"
Unloading 7462 unused Assets to reduce memory usage. Loaded Objects now: 132428.
Total: 180.713018 ms (FindLiveObjects: 18.537084 ms CreateObjectMapping: 7.591640 ms MarkObjects: 134.100351 ms  DeleteObjects: 20.483283 ms)

BoxCollider does not support negative scale or size.
The effective box size has been forced positive and is likely to give unexpected collision geometry.
If you absolutely need to use negative scaling you can use the convex MeshCollider. Scene hierarchy path "7 - Boss Arena/7 Stuff/FinalRoom/FinalDoor/DoorRight"
Unloading 1 Unused Serialized files (Serialized files now loaded: 25)
UnloadTime: 153.327670 ms
BoxCollider does not support negative scale or size.
The effective box size has been forced positive and is likely to give unexpected collision geometry.
If you absolutely need to use negative scaling you can use the convex MeshCollider. Scene hierarchy path "FirstRoom/Room/FinalDoor/DoorRight"
Unloading 6594 unused Assets to reduce memory usage. Loaded Objects now: 132442.
Total: 163.508174 ms (FindLiveObjects: 18.551626 ms CreateObjectMapping: 4.866827 ms MarkObjects: 108.801322 ms  DeleteObjects: 31.287519 ms)

BoxCollider does not support negative scale or size.
The effective box size has been forced positive and is likely to give unexpected collision geometry.
If you absolutely need to use negative scaling you can use the convex MeshCollider. Scene hierarchy path "7 - Boss Arena/7 Stuff/FinalRoom/FinalDoor/DoorRight"
Physics.ClosestPoint can only be used with a BoxCollider, SphereCollider, CapsuleCollider and a convex MeshCollider.
Physics.ClosestPoint can only be used with a BoxCollider, SphereCollider, CapsuleCollider and a convex MeshCollider.
Physics.ClosestPoint can only be used with a BoxCollider, SphereCollider, CapsuleCollider and a convex MeshCollider.
Setting linear velocity of a kinematic body is not supported.
Physics.ClosestPoint can only be used with a BoxCollider, SphereCollider, CapsuleCollider and a convex MeshCollider.
Physics.ClosestPoint can only be used with a BoxCollider, SphereCollider, CapsuleCollider and a convex MeshCollider.
Physics.ClosestPoint can only be used with a BoxCollider, SphereCollider, CapsuleCollider and a convex MeshCollider.
Physics.ClosestPoint can only be used with a BoxCollider, SphereCollider, CapsuleCollider and a convex MeshCollider.
Physics.ClosestPoint can only be used with a BoxCollider, SphereCollider, CapsuleCollider and a convex MeshCollider.
BoxCollider does not support negative scale or size.
The effective box size has been forced positive and is likely to give unexpected collision geometry.
If you absolutely need to use negative scaling you can use the convex MeshCollider. Scene hierarchy path "7 - Boss Arena/7 Stuff(Clone)/FinalRoom/FinalDoor/DoorRight"
Physics.ClosestPoint can only be used with a BoxCollider, SphereCollider, CapsuleCollider and a convex MeshCollider.
Physics.ClosestPoint can only be used with a BoxCollider, SphereCollider, CapsuleCollider and a convex MeshCollider.
Setting linear velocity of a kinematic body is not supported.
Physics.ClosestPoint can only be used with a BoxCollider, SphereCollider, CapsuleCollider and a convex MeshCollider.
Physics.ClosestPoint can only be used with a BoxCollider, SphereCollider, CapsuleCollider and a convex MeshCollider.
BoxCollider does not support negative scale or size.
The effective box size has been forced positive and is likely to give unexpected collision geometry.
If you absolutely need to use negative scaling you can use the convex MeshCollider. Scene hierarchy path "7 - Boss Arena/7 Stuff(Clone)(Clone)/FinalRoom/FinalDoor/DoorRight"
Setting linear velocity of a kinematic body is not supported.
Setting linear velocity of a kinematic body is not supported.
Physics.ClosestPoint can only be used with a BoxCollider, SphereCollider, CapsuleCollider and a convex MeshCollider.
Physics.ClosestPoint can only be used with a BoxCollider, SphereCollider, CapsuleCollider and a convex MeshCollider.
BoxCollider does not support negative scale or size.
The effective box size has been forced positive and is likely to give unexpected collision geometry.
If you absolutely need to use negative scaling you can use the convex MeshCollider. Scene hierarchy path "7 - Boss Arena/7 Stuff(Clone)(Clone)/FinalRoom/FinalDoor/DoorRight"
Unloading 1 Unused Serialized files (Serialized files now loaded: 25)
UnloadTime: 161.066404 ms
BoxCollider does not support negative scale or size.
The effective box size has been forced positive and is likely to give unexpected collision geometry.
If you absolutely need to use negative scaling you can use the convex MeshCollider. Scene hierarchy path "FirstRoom/Room/FinalDoor/DoorRight"
Unloading 6999 unused Assets to reduce memory usage. Loaded Objects now: 131228.
Total: 158.786633 ms (FindLiveObjects: 19.282254 ms CreateObjectMapping: 10.835561 ms MarkObjects: 95.408068 ms  DeleteObjects: 33.259947 ms)

The referenced script on this Behaviour (Game Object 'Virtual Camera') is missing!
The referenced script on this Behaviour (Game Object 'Main Camera') is missing!
The referenced script on this Behaviour (Game Object 'HUD Camera') is missing!
The referenced script on this Behaviour (Game Object 'Main Camera') is missing!
Unloading 1 Unused Serialized files (Serialized files now loaded: 27)
UnloadTime: 163.841447 ms
GI: material 'Standard' does not have Meta pass, and could not find default material. Object 'Cube(Clone) (1)' will not be affecting GI.
GI: material 'Standard' does not have Meta pass, and could not find default material. Object 'Cube(Clone) (1)' will not be affecting GI.
GI: material 'Standard' does not have Meta pass, and could not find default material. Object 'Cube(Clone) (1)' will not be affecting GI.
GI: material 'Standard' does not have Meta pass, and could not find default material. Object 'Cube(Clone) (1)' will not be affecting GI.
GI: material 'Standard' does not have Meta pass, and could not find default material. Object 'Cube(Clone) (2)' will not be affecting GI.
GI: material 'Standard' does not have Meta pass, and could not find default material. Object 'Cube(Clone) (2)' will not be affecting GI.
GI: material 'Standard' does not have Meta pass, and could not find default material. Object 'Cube(Clone) (2)' will not be affecting GI.
GI: material 'Standard' does not have Meta pass, and could not find default material. Object 'Cube(Clone) (2)' will not be affecting GI.
GI: material 'Standard' does not have Meta pass, and could not find default material. Object 'Cube' will not be affecting GI.
GI: material 'Standard' does not have Meta pass, and could not find default material. Object 'Cube' will not be affecting GI.
GI: material 'Standard' does not have Meta pass, and could not find default material. Object 'Cube' will not be affecting GI.
GI: material 'Standard' does not have Meta pass, and could not find default material. Object 'Cube' will not be affecting GI.
GI: material 'Standard' does not have Meta pass, and could not find default material. Object 'Cube(Clone)' will not be affecting GI.
GI: material 'Standard' does not have Meta pass, and could not find default material. Object 'Cube(Clone)' will not be affecting GI.
GI: material 'Standard' does not have Meta pass, and could not find default material. Object 'Cube(Clone)' will not be affecting GI.
GI: material 'Standard' does not have Meta pass, and could not find default material. Object 'Cube(Clone)' will not be affecting GI.
Unloading 6709 unused Assets to reduce memory usage. Loaded Objects now: 88004.
Total: 151.958078 ms (FindLiveObjects: 11.061172 ms CreateObjectMapping: 5.306878 ms MarkObjects: 108.582492 ms  DeleteObjects: 27.006671 ms)

[Physics.PhysX] Foundation destruction failed due to pending module references. Close/release all depending modules first.
Memory Statistics:
[ALLOC_TEMP_TLS] TLS Allocator
  StackAllocators : 
    [ALLOC_TEMP_MAIN]
      Peak usage frame count: [0-1.0 KB]: 1881 frames, [2.0 KB-4.0 KB]: 191 frames, [4.0 KB-8.0 KB]: 6 frames, [8.0 KB-16.0 KB]: 3 frames, [32.0 KB-64.0 KB]: 8079 frames, [64.0 KB-128.0 KB]: 14144 frames, [128.0 KB-256.0 KB]: 327 frames, [256.0 KB-0.5 MB]: 21 frames, [0.5 MB-1.0 MB]: 106 frames, [1.0 MB-2.0 MB]: 36 frames, [2.0 MB-4.0 MB]: 1 frames, [4.0 MB-8.0 MB]: 22 frames
      Initial Block Size 4.0 MB
      Current Block Size 6.8 MB
      Peak Allocated Bytes 6.8 MB
      Overflow Count 7
    [ALLOC_TEMP_Loading.AsyncRead]
      Initial Block Size 64.0 KB
      Current Block Size 124.0 KB
      Peak Allocated Bytes 120.5 KB
      Overflow Count 0
    [ALLOC_TEMP_Loading.PreloadManager]
      Initial Block Size 256.0 KB
      Current Block Size 0.5 MB
      Peak Allocated Bytes 511.2 KB
      Overflow Count 234830
    [ALLOC_TEMP_Background Job.Worker 8]
      Initial Block Size 32.0 KB
      Current Block Size 32.0 KB
      Peak Allocated Bytes 168 B
      Overflow Count 0
    [ALLOC_TEMP_Background Job.Worker 9]
      Initial Block Size 32.0 KB
      Current Block Size 32.0 KB
      Peak Allocated Bytes 0 B
      Overflow Count 0
    [ALLOC_TEMP_Job.Worker 0]
      Initial Block Size 256.0 KB
      Current Block Size 256.0 KB
      Peak Allocated Bytes 89.4 KB
      Overflow Count 0
    [ALLOC_TEMP_Background Job.Worker 10]
      Initial Block Size 32.0 KB
      Current Block Size 32.0 KB
      Peak Allocated Bytes 0 B
      Overflow Count 0
    [ALLOC_TEMP_Background Job.Worker 14]
      Initial Block Size 32.0 KB
      Current Block Size 32.0 KB
      Peak Allocated Bytes 0 B
      Overflow Count 0
    [ALLOC_TEMP_Background Job.Worker 6]
      Initial Block Size 32.0 KB
      Current Block Size 32.0 KB
      Peak Allocated Bytes 10.5 KB
      Overflow Count 0
    [ALLOC_TEMP_Background Job.Worker 12]
      Initial Block Size 32.0 KB
      Current Block Size 32.0 KB
      Peak Allocated Bytes 0 B
      Overflow Count 0
    [ALLOC_TEMP_EnlightenWorker] x 2
      Initial Block Size 64.0 KB
      Current Block Size 64.0 KB
      Peak Allocated Bytes 0 B
      Overflow Count 0
    [ALLOC_TEMP_Background Job.Worker 15]
      Initial Block Size 32.0 KB
      Current Block Size 32.0 KB
      Peak Allocated Bytes 0 B
      Overflow Count 0
    [ALLOC_TEMP_Background Job.Worker 1]
      Initial Block Size 32.0 KB
      Current Block Size 40.0 KB
      Peak Allocated Bytes 37.6 KB
      Overflow Count 0
    [ALLOC_TEMP_Background Job.Worker 2]
      Initial Block Size 32.0 KB
      Current Block Size 32.0 KB
      Peak Allocated Bytes 105 B
      Overflow Count 1
    [ALLOC_TEMP_Background Job.Worker 7]
      Initial Block Size 32.0 KB
      Current Block Size 32.0 KB
      Peak Allocated Bytes 10.1 KB
      Overflow Count 0
    [ALLOC_TEMP_UnityGfxDeviceWorker]
      Initial Block Size 256.0 KB
      Current Block Size 256.0 KB
      Peak Allocated Bytes 77.4 KB
      Overflow Count 0
    [ALLOC_TEMP_AssetGarbageCollectorHelper] x 3
      Initial Block Size 64.0 KB
      Current Block Size 64.0 KB
      Peak Allocated Bytes 0 B
      Overflow Count 0
    [ALLOC_TEMP_Background Job.Worker 5]
      Initial Block Size 32.0 KB
      Current Block Size 32.0 KB
      Peak Allocated Bytes 0 B
      Overflow Count 0
    [ALLOC_TEMP_Background Job.Worker 13]
      Initial Block Size 32.0 KB
      Current Block Size 32.0 KB
      Peak Allocated Bytes 0 B
      Overflow Count 0
    [ALLOC_TEMP_Job.Worker 1]
      Initial Block Size 256.0 KB
      Current Block Size 256.0 KB
      Peak Allocated Bytes 92.0 KB
      Overflow Count 0
    [ALLOC_TEMP_Job.Worker 2]
      Initial Block Size 256.0 KB
      Current Block Size 256.0 KB
      Peak Allocated Bytes 89.4 KB
      Overflow Count 0
    [ALLOC_TEMP_Background Job.Worker 3]
      Initial Block Size 32.0 KB
      Current Block Size 56.0 KB
      Peak Allocated Bytes 54.6 KB
      Overflow Count 0
    [ALLOC_TEMP_Background Job.Worker 11]
      Initial Block Size 32.0 KB
      Current Block Size 32.0 KB
      Peak Allocated Bytes 0 B
      Overflow Count 0
    [ALLOC_TEMP_Background Job.Worker 0]
      Initial Block Size 32.0 KB
      Current Block Size 32.0 KB
      Peak Allocated Bytes 0 B
      Overflow Count 0
    [ALLOC_TEMP_CloudJob.Worker 0]
      Initial Block Size 32.0 KB
      Current Block Size 32.0 KB
      Peak Allocated Bytes 4.0 KB
      Overflow Count 0
    [ALLOC_TEMP_Background Job.Worker 4]
      Initial Block Size 32.0 KB
      Current Block Size 32.0 KB
      Peak Allocated Bytes 5.0 KB
      Overflow Count 0
    [ALLOC_TEMP_BatchDeleteObjects]
      Initial Block Size 64.0 KB
      Current Block Size 64.0 KB
      Peak Allocated Bytes 0 B
      Overflow Count 0
[ALLOC_DEFAULT] Dual Thread Allocator
  Peak main deferred allocation count 122416
    [ALLOC_BUCKET]
      Large Block size 4.0 MB
      Used Block count 1
      Peak Allocated bytes 4.0 MB
      Failed Allocations. Bucket layout:
        16B: 2 Subsections = 2048 buckets. Failed count: 2047081
        32B: 15 Subsections = 7680 buckets. Failed count: 699457
        48B: 21 Subsections = 7168 buckets. Failed count: 6954306
        64B: 176 Subsections = 45056 buckets. Failed count: 3352331
        80B: 23 Subsections = 4710 buckets. Failed count: 607657
        96B: 11 Subsections = 1877 buckets. Failed count: 680460
        112B: 3 Subsections = 438 buckets. Failed count: 89421
        128B: 5 Subsections = 640 buckets. Failed count: 483458
    [ALLOC_DEFAULT_MAIN]
      Peak usage frame count: [16.0 MB-32.0 MB]: 2099 frames, [32.0 MB-64.0 MB]: 1044 frames, [64.0 MB-128.0 MB]: 2154 frames, [128.0 MB-256.0 MB]: 19520 frames
      Requested Block Size 16.0 MB
      Peak Block count 19
      Peak Allocated memory 195.0 MB
      Peak Large allocation bytes 20.0 MB
    [ALLOC_DEFAULT_THREAD]
      Peak usage frame count: [4.0 MB-8.0 MB]: 80 frames, [8.0 MB-16.0 MB]: 386 frames, [16.0 MB-32.0 MB]: 494 frames, [32.0 MB-64.0 MB]: 124 frames, [64.0 MB-128.0 MB]: 435 frames, [128.0 MB-256.0 MB]: 23298 frames
      Requested Block Size 16.0 MB
      Peak Block count 18
      Peak Allocated memory 255.3 MB
      Peak Large allocation bytes 78.3 MB
[ALLOC_TEMP_JOB_1_FRAME]
  Initial Block Size 2.0 MB
  Used Block Count 0
  Overflow Count (too large) 0
  Overflow Count (full) 0
[ALLOC_TEMP_JOB_2_FRAMES]
  Initial Block Size 2.0 MB
  Used Block Count 0
  Overflow Count (too large) 0
  Overflow Count (full) 0
[ALLOC_TEMP_JOB_4_FRAMES (JobTemp)]
  Initial Block Size 2.0 MB
  Used Block Count 1
  Overflow Count (too large) 0
  Overflow Count (full) 0
[ALLOC_TEMP_JOB_ASYNC (Background)]
  Initial Block Size 1.0 MB
  Used Block Count 1
  Overflow Count (too large) 1
  Overflow Count (full) 0
[ALLOC_GFX] Dual Thread Allocator
  Peak main deferred allocation count 47
    [ALLOC_BUCKET]
      Large Block size 4.0 MB
      Used Block count 1
      Peak Allocated bytes 4.0 MB
      Failed Allocations. Bucket layout:
        16B: 2 Subsections = 2048 buckets. Failed count: 2047081
        32B: 15 Subsections = 7680 buckets. Failed count: 699457
        48B: 21 Subsections = 7168 buckets. Failed count: 6954306
        64B: 176 Subsections = 45056 buckets. Failed count: 3352331
        80B: 23 Subsections = 4710 buckets. Failed count: 607657
        96B: 11 Subsections = 1877 buckets. Failed count: 680460
        112B: 3 Subsections = 438 buckets. Failed count: 89421
        128B: 5 Subsections = 640 buckets. Failed count: 483458
    [ALLOC_GFX_MAIN]
      Peak usage frame count: [32.0 KB-64.0 KB]: 1739 frames, [64.0 KB-128.0 KB]: 50 frames, [128.0 KB-256.0 KB]: 64 frames, [256.0 KB-0.5 MB]: 245 frames, [0.5 MB-1.0 MB]: 1 frames, [2.0 MB-4.0 MB]: 236 frames, [4.0 MB-8.0 MB]: 807 frames, [8.0 MB-16.0 MB]: 22 frames, [16.0 MB-32.0 MB]: 21653 frames
      Requested Block Size 16.0 MB
      Peak Block count 2
      Peak Allocated memory 28.6 MB
      Peak Large allocation bytes 0 B
    [ALLOC_GFX_THREAD]
      Peak usage frame count: [4.0 KB-8.0 KB]: 1125 frames, [8.0 KB-16.0 KB]: 6 frames, [64.0 KB-128.0 KB]: 565 frames, [256.0 KB-0.5 MB]: 1 frames, [0.5 MB-1.0 MB]: 4 frames, [1.0 MB-2.0 MB]: 5 frames, [2.0 MB-4.0 MB]: 17 frames, [4.0 MB-8.0 MB]: 33 frames, [8.0 MB-16.0 MB]: 52 frames, [16.0 MB-32.0 MB]: 995 frames, [32.0 MB-64.0 MB]: 21951 frames, [64.0 MB-128.0 MB]: 63 frames
      Requested Block Size 16.0 MB
      Peak Block count 5
      Peak Allocated memory 72.3 MB
      Peak Large allocation bytes 0 B
[ALLOC_CACHEOBJECTS] Dual Thread Allocator
  Peak main deferred allocation count 1590
    [ALLOC_BUCKET]
      Large Block size 4.0 MB
      Used Block count 1
      Peak Allocated bytes 4.0 MB
      Failed Allocations. Bucket layout:
        16B: 2 Subsections = 2048 buckets. Failed count: 2047081
        32B: 15 Subsections = 7680 buckets. Failed count: 699457
        48B: 21 Subsections = 7168 buckets. Failed count: 6954306
        64B: 176 Subsections = 45056 buckets. Failed count: 3352331
        80B: 23 Subsections = 4710 buckets. Failed count: 607657
        96B: 11 Subsections = 1877 buckets. Failed count: 680460
        112B: 3 Subsections = 438 buckets. Failed count: 89421
        128B: 5 Subsections = 640 buckets. Failed count: 483458
    [ALLOC_CACHEOBJECTS_MAIN]
      Peak usage frame count: [1.0 MB-2.0 MB]: 2062 frames, [2.0 MB-4.0 MB]: 37 frames, [4.0 MB-8.0 MB]: 1044 frames, [8.0 MB-16.0 MB]: 21674 frames
      Requested Block Size 4.0 MB
      Peak Block count 4
      Peak Allocated memory 12.6 MB
      Peak Large allocation bytes 0 B
    [ALLOC_CACHEOBJECTS_THREAD]
      Peak usage frame count: [0.5 MB-1.0 MB]: 2 frames, [1.0 MB-2.0 MB]: 1 frames, [8.0 MB-16.0 MB]: 92 frames, [16.0 MB-32.0 MB]: 1484 frames, [32.0 MB-64.0 MB]: 116 frames, [64.0 MB-128.0 MB]: 246 frames, [128.0 MB-256.0 MB]: 10 frames, [256.0 MB-0.50 GB]: 22780 frames, [0.50 GB-1.00 GB]: 86 frames
      Requested Block Size 4.0 MB
      Peak Block count 123
      Peak Allocated memory 0.80 GB
      Peak Large allocation bytes 407.1 MB
[ALLOC_TYPETREE] Dual Thread Allocator
  Peak main deferred allocation count 0
    [ALLOC_BUCKET]
      Large Block size 4.0 MB
      Used Block count 1
      Peak Allocated bytes 4.0 MB
      Failed Allocations. Bucket layout:
        16B: 2 Subsections = 2048 buckets. Failed count: 2047081
        32B: 15 Subsections = 7680 buckets. Failed count: 699457
        48B: 21 Subsections = 7168 buckets. Failed count: 6954306
        64B: 176 Subsections = 45056 buckets. Failed count: 3352331
        80B: 23 Subsections = 4710 buckets. Failed count: 607657
        96B: 11 Subsections = 1877 buckets. Failed count: 680460
        112B: 3 Subsections = 438 buckets. Failed count: 89421
        128B: 5 Subsections = 640 buckets. Failed count: 483458
    [ALLOC_TYPETREE_MAIN]
      Peak usage frame count: [1.0 KB-2.0 KB]: 1 frames, [4.0 KB-8.0 KB]: 1108 frames, [8.0 KB-16.0 KB]: 990 frames, [16.0 KB-32.0 KB]: 22718 frames
      Requested Block Size 2.0 MB
      Peak Block count 1
      Peak Allocated memory 31.7 KB
      Peak Large allocation bytes 0 B
    [ALLOC_TYPETREE_THREAD]
      Peak usage frame count: [16.0 KB-32.0 KB]: 3 frames, [256.0 KB-0.5 MB]: 14 frames, [0.5 MB-1.0 MB]: 1 frames, [1.0 MB-2.0 MB]: 499 frames, [2.0 MB-4.0 MB]: 1084 frames, [4.0 MB-8.0 MB]: 23216 frames
      Requested Block Size 2.0 MB
      Peak Block count 4
      Peak Allocated memory 6.3 MB
      Peak Large allocation bytes 0 B
